[    0.000000] Linux version 4.15.0-167-generic (buildd@lcy02-amd64-045) (gcc version 7.5.0 (Ubuntu 7.5.0-3ubuntu1~18.04)) #175-Ubuntu SMP Wed Jan 5 01:56:07 UTC 2022 (Ubuntu 4.15.0-167.175-generic 4.15.18)
[    0.000000] Command line: BOOT_IMAGE=/boot/vmlinuz-4.15.0-167-generic root=LABEL=cloudimg-rootfs ro console=tty1 console=ttyS0
[    0.000000] KERNEL supported cpus:
[    0.000000]   Intel GenuineIntel
[    0.000000]   AMD AuthenticAMD
[    0.000000]   Centaur CentaurHauls
[    0.000000] x86/fpu: Supporting XSAVE feature 0x001: 'x87 floating point registers'
[    0.000000] x86/fpu: Supporting XSAVE feature 0x002: 'SSE registers'
[    0.000000] x86/fpu: Supporting XSAVE feature 0x004: 'AVX registers'
[    0.000000] x86/fpu: xstate_offset[2]:  576, xstate_sizes[2]:  256
[    0.000000] x86/fpu: Enabled xstate features 0x7, context size is 832 bytes, using 'standard' format.
[    0.000000] e820: BIOS-provided physical RAM map:
[    0.000000] BIOS-e820: [mem 0x0000000000000000-0x000000000009fbff] usable
[    0.000000] BIOS-e820: [mem 0x000000000009fc00-0x000000000009ffff] reserved
[    0.000000] BIOS-e820: [mem 0x00000000000f0000-0x00000000000fffff] reserved
[    0.000000] BIOS-e820: [mem 0x0000000000100000-0x000000003ffeffff] usable
[    0.000000] BIOS-e820: [mem 0x000000003fff0000-0x000000003fffffff] ACPI data
[    0.000000] BIOS-e820: [mem 0x00000000fec00000-0x00000000fec00fff] reserved
[    0.000000] BIOS-e820: [mem 0x00000000fee00000-0x00000000fee00fff] reserved
[    0.000000] BIOS-e820: [mem 0x00000000fffc0000-0x00000000ffffffff] reserved
[    0.000000] NX (Execute Disable) protection: active
[    0.000000] SMBIOS 2.5 present.
[    0.000000] DMI: innotek GmbH VirtualBox/VirtualBox, BIOS VirtualBox 12/01/2006
[    0.000000] Hypervisor detected: KVM
[    0.000000] e820: last_pfn = 0x3fff0 max_arch_pfn = 0x400000000
[    0.000000] MTRR: Disabled
[    0.000000] x86/PAT: MTRRs disabled, skipping PAT initialization too.
[    0.000000] CPU MTRRs all blank - virtualized system.
[    0.000000] x86/PAT: Configuration [0-7]: WB  WT  UC- UC  WB  WT  UC- UC  
[    0.000000] found SMP MP-table at [mem 0x0009fff0-0x0009ffff]
[    0.000000] Scanning 1 areas for low memory corruption
[    0.000000] RAMDISK: [mem 0x359c9000-0x36cdbfff]
[    0.000000] ACPI: Early table checksum verification disabled
[    0.000000] ACPI: RSDP 0x00000000000E0000 000024 (v02 VBOX  )
[    0.000000] ACPI: XSDT 0x000000003FFF0030 00003C (v01 VBOX   VBOXXSDT 00000001 ASL  00000061)
[    0.000000] ACPI: FACP 0x000000003FFF00F0 0000F4 (v04 VBOX   VBOXFACP 00000001 ASL  00000061)
[    0.000000] ACPI: DSDT 0x000000003FFF0470 002325 (v02 VBOX   VBOXBIOS 00000002 INTL 20100528)
[    0.000000] ACPI: FACS 0x000000003FFF0200 000040
[    0.000000] ACPI: FACS 0x000000003FFF0200 000040
[    0.000000] ACPI: APIC 0x000000003FFF0240 00005C (v02 VBOX   VBOXAPIC 00000001 ASL  00000061)
[    0.000000] ACPI: SSDT 0x000000003FFF02A0 0001CC (v01 VBOX   VBOXCPUT 00000002 INTL 20100528)
[    0.000000] ACPI: Reserving FACP table memory at [mem 0x3fff00f0-0x3fff01e3]
[    0.000000] ACPI: Reserving DSDT table memory at [mem 0x3fff0470-0x3fff2794]
[    0.000000] ACPI: Reserving FACS table memory at [mem 0x3fff0200-0x3fff023f]
[    0.000000] ACPI: Reserving FACS table memory at [mem 0x3fff0200-0x3fff023f]
[    0.000000] ACPI: Reserving APIC table memory at [mem 0x3fff0240-0x3fff029b]
[    0.000000] ACPI: Reserving SSDT table memory at [mem 0x3fff02a0-0x3fff046b]
[    0.000000] No NUMA configuration found
[    0.000000] Faking a node at [mem 0x0000000000000000-0x000000003ffeffff]
[    0.000000] NODE_DATA(0) allocated [mem 0x3ffc5000-0x3ffeffff]
[    0.000000] kvm-clock: cpu 0, msr 0:3ff44001, primary cpu clock
[    0.000000] kvm-clock: Using msrs 4b564d01 and 4b564d00
[    0.000000] kvm-clock: using sched offset of 3795916278 cycles
[    0.000000] clocksource: kvm-clock: mask: 0xffffffffffffffff max_cycles: 0x1cd42e4dffb, max_idle_ns: 881590591483 ns
[    0.000000] Zone ranges:
[    0.000000]   DMA      [mem 0x0000000000001000-0x0000000000ffffff]
[    0.000000]   DMA32    [mem 0x0000000001000000-0x000000003ffeffff]
[    0.000000]   Normal   empty
[    0.000000]   Device   empty
[    0.000000] Movable zone start for each node
[    0.000000] Early memory node ranges
[    0.000000]   node   0: [mem 0x0000000000001000-0x000000000009efff]
[    0.000000]   node   0: [mem 0x0000000000100000-0x000000003ffeffff]
[    0.000000] Reserved but unavailable: 104 pages
[    0.000000] Initmem setup node 0 [mem 0x0000000000001000-0x000000003ffeffff]
[    0.000000] ACPI: PM-Timer IO Port: 0x4008
[    0.000000] IOAPIC[0]: apic_id 2, version 32, address 0xfec00000, GSI 0-23
[    0.000000] ACPI: INT_SRC_OVR (bus 0 bus_irq 0 global_irq 2 dfl dfl)
[    0.000000] ACPI: INT_SRC_OVR (bus 0 bus_irq 9 global_irq 9 low level)
[    0.000000] Using ACPI (MADT) for SMP configuration information
[    0.000000] smpboot: Allowing 2 CPUs, 0 hotplug CPUs
[    0.000000] PM: Registered nosave memory: [mem 0x00000000-0x00000fff]
[    0.000000] PM: Registered nosave memory: [mem 0x0009f000-0x0009ffff]
[    0.000000] PM: Registered nosave memory: [mem 0x000a0000-0x000effff]
[    0.000000] PM: Registered nosave memory: [mem 0x000f0000-0x000fffff]
[    0.000000] e820: [mem 0x40000000-0xfebfffff] available for PCI devices
[    0.000000] Booting paravirtualized kernel on KVM
[    0.000000] clocksource: refined-jiffies: mask: 0xffffffff max_cycles: 0xffffffff, max_idle_ns: 7645519600211568 ns
[    0.000000] random: get_random_bytes called from start_kernel+0x99/0x500 with crng_init=0
[    0.000000] setup_percpu: NR_CPUS:8192 nr_cpumask_bits:2 nr_cpu_ids:2 nr_node_ids:1
[    0.000000] percpu: Embedded 50 pages/cpu s167936 r8192 d28672 u1048576
[    0.000000] PV qspinlock hash table entries: 256 (order: 0, 4096 bytes)
[    0.000000] Built 1 zonelists, mobility grouping on.  Total pages: 257913
[    0.000000] Policy zone: DMA32
[    0.000000] Kernel command line: BOOT_IMAGE=/boot/vmlinuz-4.15.0-167-generic root=LABEL=cloudimg-rootfs ro console=tty1 console=ttyS0
[    0.000000] Memory: 982636K/1048120K available (12300K kernel code, 2483K rwdata, 4324K rodata, 2476K init, 2724K bss, 65484K reserved, 0K cma-reserved)
[    0.000000] SLUB: HWalign=64, Order=0-3, MinObjects=0, CPUs=2, Nodes=1
[    0.000000] Kernel/User page tables isolation: enabled
[    0.000000] ftrace: allocating 39494 entries in 155 pages
[    0.004000] Hierarchical RCU implementation.
[    0.004000] 	RCU restricting CPUs from NR_CPUS=8192 to nr_cpu_ids=2.
[    0.004000] 	Tasks RCU enabled.
[    0.004000] RCU: Adjusting geometry for rcu_fanout_leaf=16, nr_cpu_ids=2
[    0.004000] NR_IRQS: 524544, nr_irqs: 440, preallocated irqs: 16
[    0.004000] Console: colour VGA+ 80x25
[    0.004000] console [tty1] enabled
[    0.004000] console [ttyS0] enabled
[    0.004000] ACPI: Core revision 20170831
[    0.004000] ACPI: 2 ACPI AML tables successfully acquired and loaded
[    0.004000] APIC: Switch to symmetric I/O mode setup
[    0.004000] x2apic enabled
[    0.004000] Switched APIC routing to physical x2apic.
[    0.004000] ..TIMER: vector=0x30 apic1=0 pin1=2 apic2=-1 pin2=-1
[    0.004004] tsc: Detected 2904.000 MHz processor
[    0.004829] Calibrating delay loop (skipped) preset value.. 5808.00 BogoMIPS (lpj=11616000)
[    0.005473] pid_max: default: 32768 minimum: 301
[    0.006327] Security Framework initialized
[    0.008002] Yama: becoming mindful.
[    0.008677] AppArmor: AppArmor initialized
[    0.012013] Dentry cache hash table entries: 131072 (order: 8, 1048576 bytes)
[    0.013356] Inode-cache hash table entries: 65536 (order: 7, 524288 bytes)
[    0.014593] Mount-cache hash table entries: 2048 (order: 2, 16384 bytes)
[    0.016004] Mountpoint-cache hash table entries: 2048 (order: 2, 16384 bytes)
[    0.017457] Last level iTLB entries: 4KB 128, 2MB 8, 4MB 8
[    0.018417] Last level dTLB entries: 4KB 64, 2MB 0, 4MB 0, 1GB 4
[    0.020005] Spectre V1 : Mitigation: usercopy/swapgs barriers and __user pointer sanitization
[    0.021531] Spectre V2 : Mitigation: Full generic retpoline
[    0.022590] Spectre V2 : Spectre v2 / SpectreRSB mitigation: Filling RSB on context switch
[    0.024002] Speculative Store Bypass: Vulnerable
[    0.024887] SRBDS: Unknown: Dependent on hypervisor status
[    0.026243] MDS: Mitigation: Clear CPU buffers
[    0.028061] Freeing SMP alternatives memory: 36K
[    0.139046] smpboot: CPU0: Intel(R) Core(TM) i5-9400F CPU @ 2.90GHz (family: 0x6, model: 0x9e, stepping: 0xa)
[    0.140000] Performance Events: unsupported p6 CPU model 158 no PMU driver, software events only.
[    0.140032] Hierarchical SRCU implementation.
[    0.141844] NMI watchdog: Perf event create on CPU 0 failed with -2
[    0.143015] NMI watchdog: Perf NMI watchdog permanently disabled
[    0.144038] smp: Bringing up secondary CPUs ...
[    0.145006] x86: Booting SMP configuration:
[    0.145781] .... node  #0, CPUs:      #1
[    0.004000] kvm-clock: cpu 1, msr 0:3ff44041, secondary cpu clock
[    0.150417] smp: Brought up 1 node, 2 CPUs
[    0.150417] smpboot: Max logical packages: 1
[    0.152005] smpboot: Total of 2 processors activated (11616.00 BogoMIPS)
[    0.153570] devtmpfs: initialized
[    0.153570] x86/mm: Memory block size: 128MB
[    0.156145] evm: security.selinux
[    0.156791] evm: security.SMACK64
[    0.157423] evm: security.SMACK64EXEC
[    0.158105] evm: security.SMACK64TRANSMUTE
[    0.158863] evm: security.SMACK64MMAP
[    0.159545] evm: security.apparmor
[    0.160002] evm: security.ima
[    0.160609] evm: security.capability
[    0.161353] clocksource: jiffies: mask: 0xffffffff max_cycles: 0xffffffff, max_idle_ns: 7645041785100000 ns
[    0.161836] futex hash table entries: 512 (order: 3, 32768 bytes)
[    0.164045] pinctrl core: initialized pinctrl subsystem
[    0.168058] RTC time: 10:00:01, date: 03/08/22
[    0.169058] NET: Registered protocol family 16
[    0.169963] audit: initializing netlink subsys (disabled)
[    0.172008] audit: type=2000 audit(1646733606.118:1): state=initialized audit_enabled=0 res=1
[    0.173618] cpuidle: using governor ladder
[    0.173618] cpuidle: using governor menu
[    0.173631] ACPI: bus type PCI registered
[    0.176005] acpiphp: ACPI Hot Plug PCI Controller Driver version: 0.5
[    0.177498] PCI: Using configuration type 1 for base access
[    0.180032] HugeTLB registered 2.00 MiB page size, pre-allocated 0 pages
[    0.181270] ACPI: Added _OSI(Module Device)
[    0.181270] ACPI: Added _OSI(Processor Device)
[    0.181818] ACPI: Added _OSI(3.0 _SCP Extensions)
[    0.184003] ACPI: Added _OSI(Processor Aggregator Device)
[    0.185018] ACPI: Added _OSI(Linux-Dell-Video)
[    0.185825] ACPI: Added _OSI(Linux-Lenovo-NV-HDMI-Audio)
[    0.186891] ACPI: Added _OSI(Linux-HPI-Hybrid-Graphics)
[    0.188211] ACPI: Executed 1 blocks of module-level executable AML code
[    0.193118] ACPI: Interpreter enabled
[    0.193921] ACPI: (supports S0 S5)
[    0.194804] ACPI: Using IOAPIC for interrupt routing
[    0.196053] PCI: Using host bridge windows from ACPI; if necessary, use "pci=nocrs" and report a bug
[    0.198188] ACPI: Enabled 2 GPEs in block 00 to 07
[    0.205249] ACPI: PCI Root Bridge [PCI0] (domain 0000 [bus 00-ff])
[    0.206440] acpi PNP0A03:00: _OSC: OS supports [ASPM ClockPM Segments MSI]
[    0.208125] acpi PNP0A03:00: _OSC: not requesting OS control; OS requires [ExtendedConfig ASPM ClockPM MSI]
[    0.209938] acpi PNP0A03:00: fail to add MMCONFIG information, can't access extended PCI configuration space under this bridge.
[    0.212366] PCI host bridge to bus 0000:00
[    0.213250] pci_bus 0000:00: root bus resource [io  0x0000-0x0cf7 window]
[    0.214726] pci_bus 0000:00: root bus resource [io  0x0d00-0xffff window]
[    0.216003] pci_bus 0000:00: root bus resource [mem 0x000a0000-0x000bffff window]
[    0.218590] pci_bus 0000:00: root bus resource [mem 0x40000000-0xfdffffff window]
[    0.220003] pci_bus 0000:00: root bus resource [bus 00-ff]
[    0.222891] pci 0000:00:01.1: legacy IDE quirk: reg 0x10: [io  0x01f0-0x01f7]
[    0.224003] pci 0000:00:01.1: legacy IDE quirk: reg 0x14: [io  0x03f6]
[    0.225308] pci 0000:00:01.1: legacy IDE quirk: reg 0x18: [io  0x0170-0x0177]
[    0.226824] pci 0000:00:01.1: legacy IDE quirk: reg 0x1c: [io  0x0376]
[    0.242210] pci 0000:00:07.0: quirk: [io  0x4000-0x403f] claimed by PIIX4 ACPI
[    0.244000] pci 0000:00:07.0: quirk: [io  0x4100-0x410f] claimed by PIIX4 SMB
[    0.251199] ACPI: PCI Interrupt Link [LNKA] (IRQs 5 9 10 *11)
[    0.252348] ACPI: PCI Interrupt Link [LNKB] (IRQs 5 9 *10 11)
[    0.253645] ACPI: PCI Interrupt Link [LNKC] (IRQs 5 *9 10 11)
[    0.255037] ACPI: PCI Interrupt Link [LNKD] (IRQs 5 9 10 *11)
[    0.256346] SCSI subsystem initialized
[    0.257111] pci 0000:00:02.0: vgaarb: setting as boot VGA device
[    0.257304] pci 0000:00:02.0: vgaarb: VGA device added: decodes=io+mem,owns=io+mem,locks=none
[    0.260006] pci 0000:00:02.0: vgaarb: bridge control possible
[    0.261032] vgaarb: loaded
[    0.261688] ACPI: bus type USB registered
[    0.262450] usbcore: registered new interface driver usbfs
[    0.264023] usbcore: registered new interface driver hub
[    0.265122] usbcore: registered new device driver usb
[    0.266560] EDAC MC: Ver: 3.0.0
[    0.268047] PCI: Using ACPI for IRQ routing
[    0.269105] NetLabel: Initializing
[    0.269848] NetLabel:  domain hash size = 128
[    0.270745] NetLabel:  protocols = UNLABELED CIPSOv4 CALIPSO
[    0.271755] NetLabel:  unlabeled traffic allowed by default
[    0.272059] clocksource: Switched to clocksource kvm-clock
[    0.289508] VFS: Disk quotas dquot_6.6.0
[    0.290468] VFS: Dquot-cache hash table entries: 512 (order 0, 4096 bytes)
[    0.292004] AppArmor: AppArmor Filesystem Enabled
[    0.293055] pnp: PnP ACPI init
[    0.294873] pnp: PnP ACPI: found 3 devices
[    0.304198] clocksource: acpi_pm: mask: 0xffffff max_cycles: 0xffffff, max_idle_ns: 2085701024 ns
[    0.306358] NET: Registered protocol family 2
[    0.307889] IP idents hash table entries: 16384 (order: 5, 131072 bytes)
[    0.312026] TCP established hash table entries: 8192 (order: 4, 65536 bytes)
[    0.313846] TCP bind hash table entries: 8192 (order: 5, 131072 bytes)
[    0.315022] TCP: Hash tables configured (established 8192 bind 8192)
[    0.316326] UDP hash table entries: 512 (order: 2, 16384 bytes)
[    0.317439] UDP-Lite hash table entries: 512 (order: 2, 16384 bytes)
[    0.318615] NET: Registered protocol family 1
[    0.319725] pci 0000:00:00.0: Limiting direct PCI/PCI transfers
[    0.320947] pci 0000:00:01.0: Activating ISA DMA hang workarounds
[    0.322077] pci 0000:00:02.0: Video device with shadowed ROM at [mem 0x000c0000-0x000dffff]
[    0.323629] Unpacking initramfs...
[    0.608065] Freeing initrd memory: 19532K
[    0.609413] clocksource: tsc: mask: 0xffffffffffffffff max_cycles: 0x29dc05e54fc, max_idle_ns: 440795291716 ns
[    0.611472] platform rtc_cmos: registered platform RTC device (no PNP device found)
[    0.613300] Scanning for low memory corruption every 60 seconds
[    0.615345] Initialise system trusted keyrings
[    0.616481] Key type blacklist registered
[    0.617416] workingset: timestamp_bits=36 max_order=18 bucket_order=0
[    0.619504] zbud: loaded
[    0.620631] squashfs: version 4.0 (2009/01/31) Phillip Lougher
[    0.621855] fuse init (API version 7.26)
[    0.624219] Key type asymmetric registered
[    0.625055] Asymmetric key parser 'x509' registered
[    0.626225] Block layer SCSI generic (bsg) driver version 0.4 loaded (major 246)
[    0.627686] io scheduler noop registered
[    0.628520] io scheduler deadline registered
[    0.629414] io scheduler cfq registered (default)
[    0.630491] ACPI: AC Adapter [AC] (on-line)
[    0.631367] input: Power Button as /devices/LNXSYSTM:00/LNXPWRBN:00/input/input0
[    0.633132] ACPI: Power Button [PWRF]
[    0.634006] input: Sleep Button as /devices/LNXSYSTM:00/LNXSLPBN:00/input/input1
[    0.635369] ACPI: Sleep Button [SLPF]
[    0.636385] Serial: 8250/16550 driver, 32 ports, IRQ sharing enabled
[    0.658300] 00:02: ttyS0 at I/O 0x3f8 (irq = 4, base_baud = 115200) is a 16550A
[    0.663623] Linux agpgart interface v0.103
[    0.665756] loop: module loaded
[    0.666853] scsi host0: ata_piix
[    0.667766] scsi host1: ata_piix
[    0.668488] ata1: PATA max UDMA/33 cmd 0x1f0 ctl 0x3f6 bmdma 0xd000 irq 14
[    0.669746] ata2: PATA max UDMA/33 cmd 0x170 ctl 0x376 bmdma 0xd008 irq 15
[    0.671063] libphy: Fixed MDIO Bus: probed
[    0.672052] tun: Universal TUN/TAP device driver, 1.6
[    0.673117] PPP generic driver version 2.4.2
[    0.674155] ehci_hcd: USB 2.0 'Enhanced' Host Controller (EHCI) Driver
[    0.675377] ehci-pci: EHCI PCI platform driver
[    0.676208] ehci-platform: EHCI generic platform driver
[    0.677200] ohci_hcd: USB 1.1 'Open' Host Controller (OHCI) Driver
[    0.678333] ohci-pci: OHCI PCI platform driver
[    0.679159] ohci-platform: OHCI generic platform driver
[    0.680152] uhci_hcd: USB Universal Host Controller Interface driver
[    0.681565] i8042: PNP: PS/2 Controller [PNP0303:PS2K,PNP0f03:PS2M] at 0x60,0x64 irq 1,12
[    0.683682] serio: i8042 KBD port at 0x60,0x64 irq 1
[    0.684687] serio: i8042 AUX port at 0x60,0x64 irq 12
[    0.685797] mousedev: PS/2 mouse device common for all mice
[    0.687406] input: AT Translated Set 2 keyboard as /devices/platform/i8042/serio0/input/input2
[    0.688080] rtc_cmos rtc_cmos: rtc core: registered rtc_cmos as rtc0
[    0.690665] rtc_cmos rtc_cmos: alarms up to one day, 114 bytes nvram
[    0.691794] i2c /dev entries driver
[    0.692556] device-mapper: uevent: version 1.0.3
[    0.693455] device-mapper: ioctl: 4.37.0-ioctl (2017-09-20) initialised: dm-devel@redhat.com
[    0.695009] ledtrig-cpu: registered to indicate activity on CPUs
[    0.696450] NET: Registered protocol family 10
[    0.700794] Segment Routing with IPv6
[    0.701589] NET: Registered protocol family 17
[    0.702623] Key type dns_resolver registered
[    0.703742] mce: Using 0 MCE banks
[    0.704633] RAS: Correctable Errors collector initialized.
[    0.705804] sched_clock: Marking stable (704613388, 0)->(883815533, -179202145)
[    0.707547] registered taskstats version 1
[    0.708485] Loading compiled-in X.509 certificates
[    0.711935] Loaded X.509 cert 'Build time autogenerated kernel key: 51c91b167e8daada285dd448a981da05683ebd03'
[    0.714171] Loaded X.509 cert 'Canonical Ltd. Live Patch Signing: 14df34d1a87cf37625abec039ef2bf521249b969'
[    0.716382] Loaded X.509 cert 'Canonical Ltd. Kernel Module Signing: 88f752e560a1e0737e31163a466ad7b70a850c19'
[    0.718506] blacklist: Loading compiled-in revocation X.509 certificates
[    0.719740] Loaded X.509 cert 'Canonical Ltd. Secure Boot Signing: 61482aa2830d0ab2ad5af10b7250da9033ddcef0'
[    0.721711] zswap: loaded using pool lzo/zbud
[    0.726354] Key type big_key registered
[    0.727218] Key type trusted registered
[    0.729676] Key type encrypted registered
[    0.730527] AppArmor: AppArmor sha1 policy hashing enabled
[    0.731762] ima: No TPM chip found, activating TPM-bypass! (rc=-19)
[    0.733119] ima: Allocated hash algorithm: sha1
[    0.734256] evm: HMAC attrs: 0x1
[    0.735231]   Magic number: 14:601:21
[    0.736144] rtc_cmos rtc_cmos: setting system clock to 2022-03-08 10:00:01 UTC (1646733601)
[    0.737758] BIOS EDD facility v0.16 2004-Jun-25, 0 devices found
[    0.738840] EDD information not available.
[    0.874137] Freeing unused kernel image memory: 2476K
[    0.888781] Write protecting the kernel read-only data: 20480k
[    0.890503] Freeing unused kernel image memory: 2008K
[    0.891866] Freeing unused kernel image memory: 1820K
[    0.900470] x86/mm: Checked W+X mappings: passed, no W+X pages found.
[    0.901645] x86/mm: Checking user space page tables
[    0.909880] x86/mm: Checked W+X mappings: passed, no W+X pages found.
Loading, please wait...
starting version 237
[    0.973045] e1000: Intel(R) PRO/1000 Network Driver - version 7.3.21-k8-NAPI
[    0.974340] e1000: Copyright (c) 1999-2006 Intel Corporation.
[    0.975675] Fusion MPT base driver 3.04.20
[    0.976783] Copyright (c) 1999-2008 LSI Corporation
[    0.981679] Fusion MPT SPI Host driver 3.04.20
[    0.992188] AVX2 version of gcm_enc/dec engaged.
[    0.993145] AES CTR mode by8 optimization enabled
[    1.204255] input: ImExPS/2 Generic Explorer Mouse as /devices/platform/i8042/serio1/input/input4
[    1.616712] e1000 0000:00:03.0 eth0: (PCI:33MHz:32-bit) 02:3b:ab:4a:a3:42
[    1.618047] e1000 0000:00:03.0 eth0: Intel(R) PRO/1000 Network Connection
[    1.621152] mptbase: ioc0: Initiating bringup
[    1.623192] e1000 0000:00:03.0 enp0s3: renamed from eth0
[    1.716991] ioc0: LSI53C1030 A0: Capabilities={Initiator}
[    1.957847] scsi host2: ioc0: LSI53C1030 A0, FwRev=00000000h, Ports=1, MaxQ=256, IRQ=20
[    2.124789] scsi 2:0:0:0: Direct-Access     VBOX     HARDDISK         1.0  PQ: 0 ANSI: 5
[    2.156625] scsi target2:0:0: Beginning Domain Validation
[    2.158799] scsi target2:0:0: Domain Validation skipping write tests
[    2.160133] scsi target2:0:0: Ending Domain Validation
[    2.161435] scsi target2:0:0: asynchronous
[    2.162986] scsi 2:0:1:0: Direct-Access     VBOX     HARDDISK         1.0  PQ: 0 ANSI: 5
[    2.196654] scsi target2:0:1: Beginning Domain Validation
[    2.198663] random: fast init done
[    2.199538] scsi target2:0:1: Domain Validation skipping write tests
[    2.200805] scsi target2:0:1: Ending Domain Validation
[    2.202011] scsi target2:0:1: asynchronous
[    2.206983] random: systemd-udevd: uninitialized urandom read (16 bytes read)
[    2.208394] random: systemd-udevd: uninitialized urandom read (16 bytes read)
[    2.210851] random: systemd-udevd: uninitialized urandom read (16 bytes read)
[    2.213226] sd 2:0:0:0: [sda] 83886080 512-byte logical blocks: (42.9 GB/40.0 GiB)
[    2.213350] sd 2:0:0:0: Attached scsi generic sg0 type 0
[    2.215273] sd 2:0:0:0: [sda] Write Protect is off
[    2.216979] sd 2:0:1:0: Attached scsi generic sg1 type 0
[    2.219404] sd 2:0:1:0: [sdb] 20480 512-byte logical blocks: (10.5 MB/10.0 MiB)
[    2.219744] sd 2:0:0:0: [sda] Incomplete mode parameter data
[    2.222360] sd 2:0:0:0: [sda] Assuming drive cache: write through
[    2.222375] sd 2:0:1:0: [sdb] Write Protect is off
[    2.225939] sd 2:0:1:0: [sdb] Incomplete mode parameter data
[    2.227025] sd 2:0:1:0: [sdb] Assuming drive cache: write through
[    2.228077]  sda: sda1
[    2.230064] sd 2:0:0:0: [sda] Attached SCSI disk
[    2.231666] sd 2:0:1:0: [sdb] Attached SCSI disk
Begin: Loading essential drivers ... [    4.088105] raid6: sse2x1   gen() 12549 MB/s
[    4.136110] raid6: sse2x1   xor()  9122 MB/s
[    4.184134] raid6: sse2x2   gen() 16096 MB/s
[    4.232111] raid6: sse2x2   xor() 11292 MB/s
[    4.280070] raid6: sse2x4   gen() 19276 MB/s
[    4.328091] raid6: sse2x4   xor() 11685 MB/s
[    4.376140] raid6: avx2x1   gen() 25545 MB/s
[    4.424123] raid6: avx2x1   xor() 17134 MB/s
[    4.472122] raid6: avx2x2   gen() 31059 MB/s
[    4.520091] raid6: avx2x2   xor() 19765 MB/s
[    4.568133] raid6: avx2x4   gen() 35430 MB/s
[    4.616148] raid6: avx2x4   xor() 19133 MB/s
[    4.617023] raid6: using algorithm avx2x4 gen() 35430 MB/s
[    4.618124] raid6: .... xor() 19133 MB/s, rmw enabled
[    4.619146] raid6: using avx2x2 recovery algorithm
[    4.620932] xor: automatically using best checksumming function   avx       
[    4.623167] async_tx: api initialized (async)
done.
Begin: Running /scripts/init-premount ... done.
Begin: Mounting root file system ... Begin: Running /scripts/local-top ... done.
Begin: Running /scripts/local-premount ... [    4.666581] Btrfs loaded, crc32c=crc32c-intel
Scanning for Btrfs filesystems
done.
Warning: fsck not present, so skipping root file system
[    4.692401] EXT4-fs (sda1): mounted filesystem with ordered data mode. Opts: (null)
done.
Begin: Running /scripts/local-bottom ... done.
Begin: Running /scripts/init-bottom ... done.
[    4.838757] ip_tables: (C) 2000-2006 Netfilter Core Team
[    4.846901] systemd[1]: systemd 237 running in system mode. (+PAM +AUDIT +SELINUX +IMA +APPARMOR +SMACK +SYSVINIT +UTMP +LIBCRYPTSETUP +GCRYPT +GNUTLS +ACL +XZ +LZ4 +SECCOMP +BLKID +ELFUTILS +KMOD -IDN2 +IDN -PCRE2 default-hierarchy=hybrid)
[    4.850744] systemd[1]: Detected virtualization oracle.
[    4.851753] systemd[1]: Detected architecture x86-64.

Welcome to [1mUbuntu 18.04.6 LTS[0m!

[    4.856989] systemd[1]: Set hostname to <ubuntu>.
[    4.860861] systemd[1]: Initializing machine ID from random generator.
[    4.862099] systemd[1]: Installed transient /etc/machine-id file.
[    5.096743] systemd[1]: Reached target User and Group Name Lookups.
[[0;32m  OK  [0m] Reached target User and Group Name Lookups.
[    5.108602] systemd[1]: Set up automount Arbitrary Executable File Formats File System Automount Point.
[[0;32m  OK  [0m] Set up automount Arbitrary Executabâ€¦rmats File System Automount Point.
[    5.112408] systemd[1]: Created slice User and Session Slice.
[[0;32m  OK  [0m] Created slice User and Session Slice.
[    5.124627] systemd[1]: Reached target System Time Synchronized.
[[0;32m  OK  [0m] Reached target System Time Synchronized.
[[0;32m  OK  [0m] Reached target Swap.
[[0;32m  OK  [0m] Started Forward Password Requests to Wall Directory Watch.
[[0;32m  OK  [0m] Created slice System Slice.
[[0;32m  OK  [0m] Listening on Journal Audit Socket.
[[0;32m  OK  [0m] Listening on LVM2 metadata daemon socket.
[[0;32m  OK  [0m] Listening on Journal Socket.
         Mounting POSIX Message Queue File System...
[[0;32m  OK  [0m] Listening on Network Service Netlink Socket.
         Starting Set the console keyboard layout...
[[0;32m  OK  [0m] Listening on /dev/initctl Compatibility Named Pipe.
[[0;32m  OK  [0m] Listening on Syslog Socket.
         Starting Load Kernel Modules...
[[0;32m  OK  [0m] Listening on Journal Socket (/dev/log).
         Starting Journal Service...
[[0;32m  OK  [0m] Listening on LVM2 poll daemon socket.
[[0;32m  OK  [0m] Listening on fsck to fsckd communication Socket.
[[0;32m  OK  [0m] Listening on udev Control Socket.
[[0;32m  OK  [0m] Listening on Device-mapper event daemon FIFOs.
         Starting Monitoring of LVM2 mirrorsâ€¦ng dmeventd or progress polling...
[[0;32m  OK  [0m] Reached target Slices.
         Starting Create list of required stâ€¦ce nodes for the current kernel...
         Starting Uncomplicated firewall...
         Starting File System Check on Root Device...
[[0;32m  OK  [0m] Created slice system-serial\x2dgetty.slice.
[    5.249739] Loading iSCSI transport class v2.0-870.
[    5.255529] iscsi: registered transport (tcp)
[[0;32m  OK  [0m] Listening on udev Kernel Socket.
[    5.271136] iscsi: registered transport (iser)
         Mounting Huge Pages File System...
         Mounting Kernel Debug File System...
         Starting udev Coldplug all Devices...
[[0;32m  OK  [0m] Mounted POSIX Message Queue File System.
[[0;32m  OK  [0m] Started Load Kernel Modules.
[[0;32m  OK  [0m] Mounted Huge Pages File System.
[[0;32m  OK  [0m] Mounted Kernel Debug File System.
         Starting Apply Kernel Variables...
         Mounting FUSE Control File System...
         Mounting Kernel Configuration File System...
[[0;32m  OK  [0m] Started Create list of required staâ€¦vice nodes for the current kernel.
[[0;32m  OK  [0m] Started Uncomplicated firewall.
[[0;32m  OK  [0m] Started Journal Service.
[[0;32m  OK  [0m] Mounted FUSE Control File System.
[[0;32m  OK  [0m] Mounted Kernel Configuration File System.
[[0;32m  OK  [0m] Started File System Check Daemon to report status.
[[0;32m  OK  [0m] Started LVM2 metadata daemon.
         Starting Create Static Device Nodes in /dev...
[[0;32m  OK  [0m] Started Apply Kernel Variables.
[[0;32m  OK  [0m] Started File System Check on Root Device.
         Starting Remount Root and Kernel File Systems...
[[0;32m  OK  [0m] Started Create Static Device Nodes in /dev.
[[0;32m  OK  [0m] Started udev Coldplug all Devices.
[[0;32m  OK  [0m] Started Monitoring of LVM2 mirrors,â€¦sing dmeventd or progress polling.
[[0;32m  OK  [0m] Started Remount Root and Kernel File Systems.
         Starting Load/Save Random Seed...
         Starting udev Kernel Device Manager...
         Starting Flush Journal to Persistent Storage...
[[0;32m  OK  [0m] Started udev Kernel Device Manager.
[[0;32m  OK  [0m] Started Load/Save Random Seed.
[[0;32m  OK  [0m] Started Flush Journal to Persistent Storage.
[[0;32m  OK  [0m] Found device /dev/ttyS0.
[[0;32m  OK  [0m] Listening on Load/Save RF Kill Switch Status /dev/rfkill Watch.
[[0;32m  OK  [0m] Started Set the console keyboard layout.
[[0;32m  OK  [0m] Started Dispatch Password Requests to Console Directory Watch.
[[0;32m  OK  [0m] Reached target Local Encrypted Volumes.
[[0;32m  OK  [0m] Reached target Local File Systems (Pre).
[[0;32m  OK  [0m] Reached target Local File Systems.
         Starting Create Volatile Files and Directories...
         Starting ebtables ruleset management...
         Starting Set console font and keymap...
         Starting AppArmor initialization...
         Starting Tell Plymouth To Write Out Runtime Data...
         Starting Commit a transient machine-id on disk...
[[0;32m  OK  [0m] Started Create Volatile Files and Directories.
[[0;32m  OK  [0m] Started Tell Plymouth To Write Out Runtime Data.
         Starting Update UTMP about System Boot/Shutdown...
[[0;32m  OK  [0m] Started Update UTMP about System Boot/Shutdown.
[[0;32m  OK  [0m] Started Commit a transient machine-id on disk.
[[0;32m  OK  [0m] Started ebtables ruleset management.
[[0;32m  OK  [0m] Started Set console font and keymap.
[[0;32m  OK  [0m] Started AppArmor initialization.
         Starting Initial cloud-init job (pre-networking)...
         Starting Load AppArmor profiles managed internally by snapd...
[[0;32m  OK  [0m] Started Load AppArmor profiles managed internally by snapd.
[    9.573854] cloud-init[856]: Cloud-init v. 21.4-0ubuntu1~18.04.1 running 'init-local' at Tue, 08 Mar 2022 10:00:09 +0000. Up 9.19 seconds.
[[0;32m  OK  [0m] Started Initial cloud-init job (pre-networking).
[[0;32m  OK  [0m] Reached target Network (Pre).
         Starting Network Service...
[[0;32m  OK  [0m] Started Network Service.
         Starting Wait for Network to be Configured...
         Starting Network Name Resolution...
[[0;32m  OK  [0m] Started Network Name Resolution.
[[0;32m  OK  [0m] Reached target Host and Network Name Lookups.
[[0;32m  OK  [0m] Reached target Network.
[[0;32m  OK  [0m] Started Wait for Network to be Configured.
         Starting Initial cloud-init job (metadata service crawler)...
[   12.375343] cloud-init[990]: Cloud-init v. 21.4-0ubuntu1~18.04.1 running 'init' at Tue, 08 Mar 2022 10:00:12 +0000. Up 12.17 seconds.
[   12.377569] cloud-init[990]: ci-info: ++++++++++++++++++++++++++++++++++++++Net device info++++++++++++++++++++++++++++++++++++++
[   12.388203] cloud-init[990]: ci-info: +--------+------+----------------------------+---------------+--------+-------------------+
[   12.400274] cloud-init[990]: ci-info: | Device |  Up  |          Address           |      Mask     | Scope  |     Hw-Address    |
[   12.401794] cloud-init[990]: ci-info: +--------+------+----------------------------+---------------+--------+-------------------+
[   12.416262] cloud-init[990]: ci-info: | enp0s3 | True |         10.0.2.15          | 255.255.255.0 | global | 02:3b:ab:4a:a3:42 |
[   12.418498] cloud-init[990]: ci-info: | enp0s3 | True | fe80::3b:abff:fe4a:a342/64 |       .       |  link  | 02:3b:ab:4a:a3:42 |
[   12.420727] cloud-init[990]: ci-info: |   lo   | True |         127.0.0.1          |   255.0.0.0   |  host  |         .         |
[   12.423742] cloud-init[990]: ci-info: |   lo   | True |          ::1/128           |       .       |  host  |         .         |
[   12.436246] cloud-init[990]: ci-info: +--------+------+----------------------------+---------------+--------+-------------------+
[   12.437193] cloud-init[990]: ci-info: ++++++++++++++++++++++++++++Route IPv4 info+++++++++++++++++++++++++++++
[   12.438889] cloud-init[990]: ci-info: +-------+-------------+----------+-----------------+-----------+-------+
[   12.440252] cloud-init[990]: ci-info: | Route | Destination | Gateway  |     Genmask     | Interface | Flags |
[   12.441604] cloud-init[990]: ci-info: +-------+-------------+----------+-----------------+-----------+-------+
[   12.442828] cloud-init[990]: ci-info: |   0   |   0.0.0.0   | 10.0.2.2 |     0.0.0.0     |   enp0s3  |   UG  |
[   12.444096] cloud-init[990]: ci-info: |   1   |   10.0.2.0  | 0.0.0.0  |  255.255.255.0  |   enp0s3  |   U   |
[   12.445393] cloud-init[990]: ci-info: |   2   |   10.0.2.2  | 0.0.0.0  | 255.255.255.255 |   enp0s3  |   UH  |
[   12.446502] cloud-init[990]: ci-info: +-------+-------------+----------+-----------------+-----------+-------+
[   12.447615] cloud-init[990]: ci-info: +++++++++++++++++++Route IPv6 info+++++++++++++++++++
[   12.448581] cloud-init[990]: ci-info: +-------+-------------+---------+-----------+-------+
[   12.449731] cloud-init[990]: ci-info: | Route | Destination | Gateway | Interface | Flags |
[   12.460529] cloud-init[990]: ci-info: +-------+-------------+---------+-----------+-------+
[   12.461360] cloud-init[990]: ci-info: |   1   |  fe80::/64  |    ::   |   enp0s3  |   U   |
[   12.462234] cloud-init[990]: ci-info: |   3   |    local    |    ::   |   enp0s3  |   U   |
[   12.463207] cloud-init[990]: ci-info: |   4   |   ff00::/8  |    ::   |   enp0s3  |   U   |
[   12.472197] cloud-init[990]: ci-info: +-------+-------------+---------+-----------+-------+
[   14.161033] cloud-init[990]: Generating public/private rsa key pair.
[   14.172353] cloud-init[990]: Your identification has been saved in /etc/ssh/ssh_host_rsa_key.
[   14.173459] cloud-init[990]: Your public key has been saved in /etc/ssh/ssh_host_rsa_key.pub.
[   14.174508] cloud-init[990]: The key fingerprint is:
[   14.175595] cloud-init[990]: SHA256:CzdU/TTGXdsTgQp7j29htpwaBoZ7PUu2xT8G3QOK4ls root@ubuntu-bionic
[   14.176799] cloud-init[990]: The key's randomart image is:
[   14.177744] cloud-init[990]: +---[RSA 2048]----+
[   14.178091] cloud-init[990]: |          .. ..++|
[   14.188260] cloud-init[990]: |         o  ..= =|
[   14.188646] cloud-init[990]: |        . o .+ +.|
[   14.200227] cloud-init[990]: |       ... o .. .|
[   14.200608] cloud-init[990]: |      ..Soo + o .|
[   14.212256] cloud-init[990]: |       +o+oo.* o.|
[   14.212649] cloud-init[990]: |      ..oE B=o= .|
[   14.212991] cloud-init[990]: |       .o + **.o |
[[   14.224261] cloud-init[990]: |       ..  +o ...|
[   14.224349] cloud-init[990]: +----[SHA256]-----+
[0;32m  OK  [0m] Started Initial cloud-init job (metadata service crawler).
[   14.224549] cloud-init[990]: Generating public/private dsa key pair.
[   14.225736] cloud-init[990]: Your identification has been saved in /etc/ssh/ssh_host_dsa_key.
[[0;32m  OK  [0m] Reached target Network is Online.
[   14.225836] cloud-init[990]: Your public key has been saved in /etc/ssh/ssh_host_dsa_key.pub.
[   14.228181] cloud-init[990]: The key fingerprint is:
[[0;32m  OK  [0m] Reached target Remote File Systems (Pre).
[   14.228594] cloud-init[990]: SHA256:WVC+8E1oSxZ3RwG1YffIomQ/xBG1Smp/jMx62nDIZhk root@ubuntu-bionic
[[0;32m  OK  [0m] Reached target Remote File Systems.
[   14.240567] cloud-init[990]: The key's randomart image is:
[   14.256883] cloud-init[990]: +---[DSA 1024]----+
[   14.257486] cloud-init[990]: |        ..o ++=*=|
[   14.258076] cloud-init[990]: |         o = +.+=|
[   14.258758] cloud-init[990]: |        . X * +..|
[   14.259369] cloud-init[990]: |         @ @ o   |
[   14.259979] cloud-init[990]: |        S E =    |
         Starting Availability of block devices...
[[0;32m  OK  [0m] Reached target System Initialization.
[[0;32m  OK  [0m] Listening on UUID daemon activation socket.[   14.265428] cloud-init[990]: |         o B +   |

[   14.266514] cloud-init[990]: |          B * o  |
[[0;32m  OK  [0m[   14.276906] cloud-init[990]: |         o =..   |
[   14.277142] cloud-init[990]: |          oo.    |
[   14.277652] cloud-init[990]: +----[SHA256]-----+
] Listening on cloud-init hotplug hook socket.
[   14.277977] cloud-init[990]: Generating public/private ecdsa key pair.
[[0;32m  OK  [0m] Listening on D-Bus System Message Bus Socket.
[   14.289421] cloud-init[990]: Your identification has been saved in /etc/ssh/ssh_host_ecdsa_key.
[[0;32m  OK  [0m] Started Ubuntu Advantage Timer for running repeated jobs.
[   14.300161] cloud-init[990]: Your public key has been saved in /etc/ssh/ssh_host_ecdsa_key.pub.
[[0;32m  OK  [0m] Started Message of the Day.
[   14.312850] cloud-init[990]: The key fingerprint is:
         [   14.340432] Starting Socket activation for snappy daemon.cloud-init
[990]: SHA256:jqTxXOwxyIsHPxiD7KuRqMIobmRfFyd4sG2RCuTT5sE root@ubuntu-bionic
[[   14.341356] [0;32m  OK  [0mcloud-init] [990]: Started Daily apt download activities.
The key's randomart image is:
[[0;32m  OK  [0m] Started Daily apt upgrade and clean activities.
[   14.353083] cloud-init[990]: +---[ECDSA 256]---+
         Starting LXD - unix socket.[   14.364849] cloud-init[990]: |  ..    .        |
[   14.365348] cloud-init[990]: |  ..o. o         |
[   14.365703] cloud-init[990]: |   o.E* .        |
[   14.366410] cloud-init[990]: | . .+=.O .       |
[   14.367220] cloud-init[990]: |  o =.* S        |
[   14.367400] cloud-init[990]: |.=   # B o       |
[   14.367809] cloud-init[990]: |O o = X o        |
[   14.368402] cloud-init[990]: |=+ o . .         |
[   14.368698] cloud-init[990]: |Bo.              |
[   14.368839] cloud-init[990]: +----[SHA256]-----+
[   14.368996] cloud-init[990]: Generating public/private ed25519 key pair.
[   14.369624] cloud-init[990]: Your identification has been saved in /etc/ssh/ssh_host_ed25519_key.

[   14.370224] cloud-init[990]: Your public key has been saved in /etc/ssh/ssh_host_ed25519_key.pub.
[   14.372375] cloud-init[990]: The key fingerprint is:
[[   14.373127] cloud-init[990]: SHA256:ZevaCdb/RtxZy5uo8A38qjSEd0O6XupQ2d2kLzgtwAs root@ubuntu-bionic
[0;32m  OK  [0m[   14.373194] ] cloud-initStarted Discard unused blocks once a week.[990]: 
The key's randomart image is:
[   14.373252] cloud-init[990]: +--[ED25519 256]--+
[   14.375960] cloud-init[990]: |                 |
[[   14.376765] [0;32m  OK  [0mcloud-init] [990]: Listening on Open-iSCSI iscsid Socket.|                 |

[[   14.388875] [0;32m  OK  [0mcloud-init] [990]: Listening on ACPID Listen Socket.|          o.   . |

[   14.388956] cloud-init[990]: |        oo=.. + .|
[[   14.403935] [0;32m  OK  [0mcloud-init] [990]: Started Daily Cleanup of Temporary Directories.|       ESO.+ +.o+|

[[   14.416164] cloud-init[990]: |        =o* + ++.|
[   14.416275] cloud-init[990]: |       .o*oB +..o|
[   14.416510] cloud-init[990]: |       .++*o*.oo |
[   14.417056] cloud-init[990]: |        o=+++=.  |
[   14.417395] cloud-init[990]: +----[SHA256]-----+
[0;32m  OK  [0m] Reached target Timers.
[[0;32m  OK  [0m] Started Trigger to poll for Ubuntu â€¦(Only enabled on GCP LTS non-pro).
[[0;32m  OK  [0m] Started ACPI Events Check.
[[0;32m  OK  [0m] Reached target Paths.
[[0;32m  OK  [0m] Reached target Cloud-config availability.
[[0;32m  OK  [0m] Started Availability of block devices.
[[0;32m  OK  [0m] Listening on Socket activation for snappy daemon.
[[0;32m  OK  [0m] Listening on LXD - unix socket.
[[0;32m  OK  [0m] Reached target Sockets.
[[0;32m  OK  [0m] Reached target Basic System.
[[0;32m  OK  [0m] Started FUSE filesystem for LXC.
         Starting Login Service...
         Starting Accounts Service...
         Starting Permit User Sessions...
         Starting System Logging Service...
[[0;32m  OK  [0m] Started D-Bus System Message Bus.
[[0;32m  OK  [0m] Started Login Service.
[[0;32m  OK  [0m] Started Unattended Upgrades Shutdown.
[[0;32m  OK  [0m] Started irqbalance daemon.
         Starting Pollinate to seed the pseudo random number generator...
         Starting LXD - container startup/shutdown...
         Starting LSB: automatic crash report generation...
[[0;32m  OK  [0m] Started Deferred execution scheduler.
[[0;32m  OK  [0m] Started Regular background program processing daemon.
         Starting Dispatcher daemon for systemd-networkd...
         Starting Virtualbox guest utils...
         Starting Snap Daemon...
         Starting LSB: Record successful boot for GRUB...
[[0;32m  OK  [0m] Started System Logging Service.
[[0;32m  OK  [0m] Started Permit User Sessions.
[[0;32m  OK  [0m] Started LXD - container startup/shutdown.
         Starting Authorization Manager...
         Starting Terminate Plymouth Boot Screen...
         Starting Hold until boot process finishes up...
[[0;32m  OK  [0m] Started LSB: automatic crash report generation.
[[0;32m  OK  [0m] Started Hold until boot process finishes up.
         Starting Set console scheme...
[[0;32m  OK  [0m] Started Serial Getty on ttyS0.
[[0;32m  OK  [0m] Started Terminate Plymouth Boot Screen.
[[0;32m  OK  [0m] Started Set console scheme.
[[0;32m  OK  [0m] Created slice system-getty.slice.
[[0;32m  OK  [0m] Started Getty on tty1.
[[0;32m  OK  [0m] Reached target Login Prompts.
[[0;32m  OK  [0m] Started Virtualbox guest utils.
[[0;32m  OK  [0m] Started Authorization Manager.
[[0;32m  OK  [0m] Started Accounts Service.
[[0;32m  OK  [0m] Started LSB: Record successful boot for GRUB.
[[0;32m  OK  [0m] Started Dispatcher daemon for systemd-networkd.
[[0;32m  OK  [0m] Started Snap Daemon.
         Starting Wait until snapd is fully seeded...
         Starting Time & Date Service...
[[0;32m  OK  [0m] Started Time & Date Service.
[[0;32m  OK  [0m] Started Pollinate to seed the pseudo random number generator.
         Starting OpenBSD Secure Shell server...
[[0;32m  OK  [0m] Started OpenBSD Secure Shell server.
[[0;32m  OK  [0m] Created slice User Slice of vagrant.
         Starting User Manager for UID 1000...
[[0;32m  OK  [0m] Started Session 1 of user vagrant.
[[0;32m  OK  [0m] Started User Manager for UID 1000.
[[0;32m  OK  [0m] Started Wait until snapd is fully seeded.
         Starting Apply the settings specified in cloud-config...
[[0;32m  OK  [0m] Reached target Multi-User System.
[[0;32m  OK  [0m] Reached target Graphical Interface.
         Starting Update UTMP about System Runlevel Changes...
[[0;32m  OK  [0m] Started Update UTMP about System Runlevel Changes.
[   17.674602] cloud-init[1554]: Cloud-init v. 21.4-0ubuntu1~18.04.1 running 'modules:config' at Tue, 08 Mar 2022 10:00:17 +0000. Up 17.11 seconds.
[[0;32m  OK  [0m] Started Apply the settings specified in cloud-config.
         Starting Execute cloud user/final scripts...
ci-info: no authorized SSH keys fingerprints found for user ubuntu.
<14>Mar  8 10:00:19 cloud-init: #############################################################
<14>Mar  8 10:00:19 cloud-init: -----BEGIN SSH HOST KEY FINGERPRINTS-----
<14>Mar  8 10:00:19 cloud-init: 1024 SHA256:WVC+8E1oSxZ3RwG1YffIomQ/xBG1Smp/jMx62nDIZhk root@ubuntu-bionic (DSA)
<14>Mar  8 10:00:19 cloud-init: 256 SHA256:jqTxXOwxyIsHPxiD7KuRqMIobmRfFyd4sG2RCuTT5sE root@ubuntu-bionic (ECDSA)
<14>Mar  8 10:00:19 cloud-init: 256 SHA256:ZevaCdb/RtxZy5uo8A38qjSEd0O6XupQ2d2kLzgtwAs root@ubuntu-bionic (ED25519)
<14>Mar  8 10:00:19 cloud-init: 2048 SHA256:CzdU/TTGXdsTgQp7j29htpwaBoZ7PUu2xT8G3QOK4ls root@ubuntu-bionic (RSA)
<14>Mar  8 10:00:19 cloud-init: -----END SSH HOST KEY FINGERPRINTS-----
<14>Mar  8 10:00:19 cloud-init: #############################################################
-----BEGIN SSH HOST KEY KEYS-----
ecdsa-sha2-nistp256 AAAAE2VjZHNhLXNoYTItbmlzdHAyNTYAAAAIbmlzdHAyNTYAAABBBGDMR6+HN5HzKqkBXfT6FltYqfufKLpEq/bTO+t2w2MROY+qiQEJQJUR8H0ynZEY5D0rGfE7gYDJ6GT3p5DtygE= root@ubuntu-bionic
ssh-ed25519 AAAAC3NzaC1lZDI1NTE5AAAAIJqfZbluoAKTJCVYdpf3wXatpUExjLd/3L3BquIm6rNt root@ubuntu-bionic
ssh-rsa AAAAB3NzaC1yc2EAAAADAQABAAABAQC/7M5g3iTZ9h7AKec5FjurQl+RQANB3nCV09a9kAL7u1Z0tF3Y9oPSLsanc6ueDDiJ17ctJuXsrR2ZHv7JBLT0h2angi4itd75Kybe7fH9i60MYuTV279ZYibJmjq1JDkSGC2GFQcUW9ZSRhFbgI/2+9dF9UFfodbITRXJUo3A0fjyST+ATucTZRzOdx8QDa+p8356pAEQen5N9tOizgcvoWrXG7AbNmG4SU0+KBfjtu/D0k5X7QuABCM4QRP7ZpvQugZnY6FOb0LjOZSFaN55K/nJwK6AksCh5f2q4PiPu1V5nAFKCx0NFW+E5ZqssKeEY0S+e1gKGlCApwJfimTl root@ubuntu-bionic
-----END SSH HOST KEY KEYS-----
[   18.585559] cloud-init[1642]: Cloud-init v. 21.4-0ubuntu1~18.04.1 running 'modules:final' at Tue, 08 Mar 2022 10:00:19 +0000. Up 18.37 seconds.
[   18.586991] cloud-init[1642]: ci-info: no authorized SSH keys fingerprints found for user ubuntu.
[   18.588005] cloud-init[1642]: Cloud-init v. 21.4-0ubuntu1~18.04.1 finished at Tue, 08 Mar 2022 10:00:19 +0000. Datasource DataSourceNoCloud [seed=/dev/sdb][dsmode=net].  Up 18.57 seconds
[[0;32m  OK  [0m] Started Execute cloud user/final scripts.
[[0;32m  OK  [0m] Reached target Cloud-init target.

Ubuntu 18.04.6 LTS ubuntu-bionic ttyS0

ubuntu-bionic login: 